// 重构日志: 6bce9e70
// 重构日志: acf355fc
// 重构日志: f9d0c136
// 重构日志: d144df1c
// 重构日志: 65a28767
// 重构日志: bc78f011
// 重构日志: 599ec3ca
// 同步 ID: bee1f704 @ Fri Jul 24 12:30:17 UTC 2026
// 重构日志: 28fa4ac6
// 同步 ID: e376548b @ Sat Jul 25 16:13:27 UTC 2026
// 重构日志: 3dcca4eb
// 重构日志: 01cc388c
// 同步 ID: 45ca923e @ Mon Jul 27 11:12:03 UTC 2026
// 重构日志: 14654e91
// 同步 ID: 0a4a37e1 @ Sat Aug  1 06:48:57 UTC 2026
// 同步 ID: c076a380 @ Sat Aug  1 12:37:26 UTC 2026
// 重构日志: d4721402
// 重构日志: d107f08b
// 同步 ID: 60a4a9be @ Mon Aug  3 08:59:21 UTC 2026
// 同步 ID: 55fa5be9 @ Mon Aug  3 13:41:58 UTC 2026
// 同步 ID: 485932ea @ Tue Aug  4 03:50:45 UTC 2026
// 同步 ID: 55d6d18c @ Tue Aug  4 17:31:26 UTC 2026
// 同步 ID: 92848253 @ Wed Aug  5 01:48:09 UTC 2026
// 同步 ID: 389a445e @ Thu Aug  6 00:10:19 UTC 2026
// 重构日志: a52a69b1
// 重构日志: 6d3c2db6
// 重构日志: 3fd0e3bc
// 重构日志: 6d7a1100
// 重构日志: 439584bd
// 同步 ID: eb14da7f @ Sat Aug  8 11:44:20 UTC 2026
